[PARSER] parse_program: initial token type = 43
[PARSER] parse_statement: token type = 43
[PARSER] parse_block: current token = 123
[PARSER] parse_block_body: starting, end_token = 124, current token = 2
[PARSER] parse_block_body: calling parse_statement (token=39)
[PARSER] parse_statement: token type = 39
[PARSER] parse_simple_statement: current token type = 39 text = 'manifest'
[PARSER] parse_manifest_statement: starting
[PARSER] parse_manifest_statement: after advance, current token type = 5
[PARSER] parse_manifest_statement: variable name = [5] = x
[PARSER] parse_manifest_statement: found '='
[PARSER] parse_manifest_statement: found ';'
[PARSER] parse_manifest_statement: result = 0x79ab914ff118
[PARSER] parse_block_body: calling parse_statement (token=13)
[PARSER] parse_statement: token type = 13
[PARSER] Found if/verdict, dispatching to parse_if_statement()
[PARSER] parse_block: current token = 123
[PARSER] parse_block_body: starting, end_token = 124, current token = 2
[PARSER] parse_block_body: calling parse_statement (token=45)
[PARSER] parse_statement: token type = 45
[PARSER] parse_simple_statement: current token type = 45 text = 'ego'
[PARSER] parse_block_body: found end token, breaking
[PARSER] parse_block_body: exiting, current token = 124
[PARSER] parse_block: consuming BraceClose }
[PARSER] parse_if_statement: after then_branch, current token = 2 text = '
'
[PARSER] parse_block_body: calling parse_statement (token=17)
[PARSER] parse_statement: token type = 17
[PARSER] Found while/sustain, dispatching to parse_while_statement()
[PARSER] parse_block: current token = 123
[PARSER] parse_block_body: starting, end_token = 124, current token = 2
[PARSER] parse_block_body: calling parse_statement (token=5)
[PARSER] parse_statement: token type = 5
[PARSER] parse_simple_statement: current token type = 5 text = 'x'
[PARSER] parse_block_body: found end token, breaking
[PARSER] parse_block_body: exiting, current token = 124
[PARSER] parse_block: consuming BraceClose }
[PARSER] parse_block_body: calling parse_statement (token=74)
[PARSER] parse_statement: token type = 74
[PARSER] parse_block_body: found end token, breaking
[PARSER] parse_block_body: exiting, current token = 124
[PARSER] parse_block: consuming BraceClose }
[PARSER] Returning block: 0x79ab914ff010 kind=14
[Ownership] ACTIVATED: Running ownership analysis...
[DEBUG] AST Root Ptr: 0x79ab914ff010
[DEBUG] AST Root Kind: 14
[Ownership] DEBUG: node_kind = 14
[DEBUG] handle_fn: param_count = 0
[HANDLE_FN] param_count=0
[Ownership] PASSED: No ownership violations found
